// Vitest Snapshot v1, https://vitest.dev/guide/snapshot.html

exports[`generateZodErrorMessage 1`] = `"Invalid input: expected string, received number at "foo" | Invalid input: expected number, received string at "bar.baz""`;
